// Jest Snapshot v1, https://goo.gl/fbAQLP

exports[`Main Snapshot 1`] = `
<DocumentFragment>
  <div
    class="home"
    data-testid="home-test-id"
  >
    <div
      class="chat"
      data-testid="chat-test"
    >
      <div
        class="chat__area"
      />
    </div>
    <div
      class="text"
    >
      <input
        class="text__input"
        name="msg"
        placeholder="Ваше сообщение"
        type="text"
        value=""
      />
      <br />
      <button
        class="text__btn"
        data-testid="test-id"
      >
        Отправить
      </button>
    </div>
  </div>
</DocumentFragment>
`;
