// Jest Snapshot v1, https://goo.gl/fbAQLP

exports[`Msg Snapshot test 1`] = `
<DocumentFragment>
  <div
    class="msg__item"
  >
    <span
      class="item__author"
      data-testid="test-author"
    >
      Имя Автора
    </span>
    <p
      class="item__text"
      data-testid="test-text"
    >
      Какой то текст
    </p>
    <p
      class="item__time"
      data-testid="test-time"
    >
      Время: 10:10:10
    </p>
  </div>
</DocumentFragment>
`;
