// Jest Snapshot v1, https://goo.gl/fbAQLP

exports[`Input Snapshot 1`] = `
<DocumentFragment>
  <div
    class="text"
  >
    <div
      class="MuiInput-root MuiInput-underline MuiInputBase-root MuiInputBase-colorPrimary css-a88p61-MuiInputBase-root-MuiInput-root"
    >
      <input
        class="MuiInput-input MuiInputBase-input css-1x51dt5-MuiInputBase-input-MuiInput-input"
        id="text__input__id"
        name="msg"
        placeholder="Ваше сообщение"
        type="text"
        value="text"
      />
    </div>
    <br />
    <button
      class="MuiButton-root MuiButton-contained MuiButton-containedPrimary MuiButton-sizeMedium MuiButton-containedSizeMedium MuiButtonBase-root  css-sghohy-MuiButtonBase-root-MuiButton-root"
      data-testid="test-id"
      tabindex="0"
      type="button"
    >
      Отправить
      <span
        class="MuiTouchRipple-root css-8je8zh-MuiTouchRipple-root"
      />
    </button>
  </div>
</DocumentFragment>
`;
