// Jest Snapshot v1, https://goo.gl/fbAQLP

exports[`NavChat Snapshot 1`] = `
<DocumentFragment>
  <ul
    class="list"
    data-testid="chat_test-id"
  >
    <li
      class="list__item"
      data-="true"
    >
      <a
        href="#"
      >
        test_name
      </a>
    </li>
    <li
      class="list__item"
      data-="true"
    >
      <a
        href="#"
      >
        test_name
      </a>
    </li>
  </ul>
</DocumentFragment>
`;
